[www.cyclemon.com/index.html]
[backblue.gif]
[fade.gif]
[index.html]
[www.cyclemon.com/images/fav.png]
[www.cyclemon.com/style.css]
[www.cyclemon.com/scripts/bouton.js]
[www.cyclemon.com/scripts/jquery.parallax-1.1.3.js]
[www.cyclemon.com/scripts/jquery.localscroll-1.2.7-min.js]
[www.cyclemon.com/scripts/jquery.scrollTo-1.4.2-min.js]
[www.cyclemon.com/images/load.gif]
[www.cyclemon.com/mobile/index.html]
[www.cyclemon.com/images/clog.png]
[www.cyclemon.com/scripts/jquery.js]
[connect.facebook.net/fr_FR/all.js]
[www.cyclemon.com/images/experiment.png]
[www.cyclemon.com/knowm/knowm.html]
[www.cyclemon.com/images/know.png]
[www.cyclemon.com/shop/index.html]
[www.cyclemon.com/shop/images/shop.png]
[www.cyclemon.com/images/share.png]
[www.cyclemon.com/images/title1.png]
[www.cyclemon.com/images/title20.png]
[www.cyclemon.com/images/title2.png]
[www.cyclemon.com/images/title3.png]
[www.cyclemon.com/images/title4.png]
[www.cyclemon.com/images/title5.png]
[www.cyclemon.com/images/title6.png]
[www.cyclemon.com/images/title7.png]
[www.cyclemon.com/images/title8.png]
[www.cyclemon.com/images/title9.png]
[www.cyclemon.com/images/title10.png]
[www.cyclemon.com/images/title11.png]
[www.cyclemon.com/images/title12.png]
[www.cyclemon.com/images/title13.png]
[www.cyclemon.com/images/title14.png]
[www.cyclemon.com/images/title15.png]
[www.cyclemon.com/images/title16.png]
[www.cyclemon.com/images/title17.png]
[www.cyclemon.com/images/title18.png]
[www.cyclemon.com/images/title19.png]
[www.cyclemon.com/images/button.png]
[www.cyclemon.com/images/fleche2.png]
[www.cyclemon.com/images/revo.png]
[www.cyclemon.com/images/fin1.png]
[www.cyclemon.com/images/fin2.png]
[www.cyclemon.com/images/fin3.png]
[www.cyclemon.com/index.html]
[www.cyclemon.com/mobile/css/normalize.css]
[www.cyclemon.com/mobile/css/foundation.css]
[www.cyclemon.com/mobile/style.css]
[www.cyclemon.com/mobile/js/vendor/custom.modernizr.js]
[www.cyclemon.com/mobile/index.html]
[www.cyclemon.com/mobile/img/fin2.png]
[www.cyclemon.com/index-2.html]
[www.cyclemon.com/knowm/style.css]
[www.cyclemon.com/knowm/jquery.slides.min.js]
[www.cyclemon.com/mobile/index-2.html]
[www.cyclemon.com/knowm/images/title1.png]
[www.cyclemon.com/knowm/images/title3.png]
[www.cyclemon.com/scripts/jquery-1.9.1.js]
[www.cyclemon.com/images/button2.png]
[www.cyclemon.com/knowm/images/teaser.png]
[www.cyclemon.com/knowm/images/us.jpg]
[www.cyclemon.com/knowm/images/faces.jpg]
[www.cyclemon.com/knowm/images/tom.jpg]
[www.cyclemon.com/knowm/images/social.png]
[www.cyclemon.com/knowm/images/social1.png]
[www.cyclemon.com/knowm/images/social2.png]
[www.cyclemon.com/knowm/images/faces2.jpg]
[www.cyclemon.com/knowm/images/rom1.jpg]
[www.cyclemon.com/knowm/knowm.html]
[www.cyclemon.com/shop/style.css]
[www.cyclemon.com/shop/jquery.slides.min.js]
[www.cyclemon.com/shop/shadowbox-3.0.3/shadowbox.css]
[www.cyclemon.com/shop/shadowbox-3.0.3/shadowbox.js]
[www.cyclemon.com/shop/images/expb.png]
[www.cyclemon.com/shop/images/knowb.png]
[www.cyclemon.com/shop/images/shopb.png]
[www.cyclemon.com/shop/images/screenprint.png]
[www.cyclemon.com/shop/images/postersb.png]
[www.cyclemon.com/shop/images/sharb.png]
[www.cyclemon.com/shop/images/screen.png]
[www.cyclemon.com/shop/images/order.jpg]
[www.cyclemon.com/shop/images/tandem.jpg]
[www.cyclemon.com/shop/images/tandempet.jpg]
[www.cyclemon.com/shop/images/tandem1.jpg]
[www.cyclemon.com/shop/images/weirdo.jpg]
[www.cyclemon.com/shop/images/weirdopet.jpg]
[www.cyclemon.com/shop/images/weirdo1.jpg]
[www.cyclemon.com/shop/images/hipster.jpg]
[www.cyclemon.com/shop/images/hipsterpet.jpg]
[www.cyclemon.com/shop/images/hipster1.jpg]
[www.cyclemon.com/shop/images/gangsta.jpg]
[www.cyclemon.com/shop/images/gangstapet.jpg]
[www.cyclemon.com/shop/images/gangsta1.jpg]
[www.cyclemon.com/shop/images/poster.png]
[www.cyclemon.com/shop/images/night.jpg]
[www.cyclemon.com/shop/images/swa.jpg]
[www.cyclemon.com/shop/images/tan.jpg]
[www.cyclemon.com/shop/images/gra.jpg]
[www.cyclemon.com/shop/images/bab.jpg]
[www.cyclemon.com/shop/images/cou.jpg]
[www.cyclemon.com/shop/images/fre.jpg]
[www.cyclemon.com/shop/images/tra.jpg]
[www.cyclemon.com/shop/images/we.jpg]
[www.cyclemon.com/shop/images/hip.jpg]
[www.cyclemon.com/shop/images/run.jpg]
[www.cyclemon.com/shop/images/vin.jpg]
[www.cyclemon.com/shop/images/gan.jpg]
[www.cyclemon.com/shop/images/lil.jpg]
[www.cyclemon.com/shop/images/rig.jpg]
[www.cyclemon.com/shop/images/war.jpg]
[www.cyclemon.com/shop/images/laz.jpg]
[www.cyclemon.com/shop/index.html]
[www.cyclemon.com/footer.html]
[www.cyclemon.com/index-2.html]
[www.cyclemon.com/mobile/index-2.html]
[www.cyclemon.com/shop/images/fak.jpg]
[www.cyclemon.com/images/titre.jpg]
[www.cyclemon.com/images/fond1.jpg]
[www.cyclemon.com/images/traveler.png]
[www.cyclemon.com/images/fond2.jpg]
[www.cyclemon.com/images/weirdo.png]
[www.cyclemon.com/images/fond3.jpg]
[www.cyclemon.com/scripts/jquery.js]
[www.cyclemon.com/images/velo3.png]
[www.cyclemon.com/images/fond4.jpg]
[www.cyclemon.com/scripts/jquery-1.9.1.js]
[www.cyclemon.com/images/velo4.png]
[www.cyclemon.com/images/fond5.jpg]
[www.cyclemon.com/images/velo5.png]
[www.cyclemon.com/images/fond6.jpg]
[www.cyclemon.com/images/velo6.png]
[www.cyclemon.com/images/fond7.jpg]
[www.cyclemon.com/images/velo7.png]
[www.cyclemon.com/images/fond8.jpg]
[www.cyclemon.com/images/velo8.png]
[www.cyclemon.com/images/fond9.jpg]
[www.cyclemon.com/images/velo9.png]
[www.cyclemon.com/images/fond10.jpg]
[www.cyclemon.com/images/velo10.png]
[www.cyclemon.com/images/fond11.jpg]
[www.cyclemon.com/images/velo11.png]
[www.cyclemon.com/images/fond122.jpg]
[www.cyclemon.com/images/velo12.png]
[www.cyclemon.com/images/fond13.jpg]
[www.cyclemon.com/images/velo13.png]
[www.cyclemon.com/images/fond14.jpg]
[www.cyclemon.com/images/velo14.png]
[www.cyclemon.com/images/fond15.jpg]
[www.cyclemon.com/images/velo15.png]
[www.cyclemon.com/images/fond16.jpg]
[www.cyclemon.com/images/velo16.png]
[www.cyclemon.com/images/fond17.jpg]
[www.cyclemon.com/images/velo17.png]
[www.cyclemon.com/images/fond18.jpg]
[www.cyclemon.com/images/velo18.png]
[www.cyclemon.com/style.css]
[connect.facebook.net/fr_FR/all.js]
[www.cyclemon.com/knowm/knowm.html]
[www.cyclemon.com/mobile/css/normalize.css]
[www.cyclemon.com/mobile/css/foundation.css]
[www.cyclemon.com/mobile/img/fond1.jpg]
[www.cyclemon.com/mobile/img/fond2.jpg]
[www.cyclemon.com/mobile/img/fond3.jpg]
[www.cyclemon.com/mobile/img/fond4.jpg]
[www.cyclemon.com/mobile/img/fond5.jpg]
[www.cyclemon.com/mobile/img/fond6.jpg]
[www.cyclemon.com/mobile/img/fond7.jpg]
[www.cyclemon.com/mobile/img/fond8.jpg]
[www.cyclemon.com/mobile/img/fond9.jpg]
[www.cyclemon.com/mobile/img/fond10.jpg]
[www.cyclemon.com/mobile/img/fond11.jpg]
[www.cyclemon.com/mobile/img/fond12.jpg]
[www.cyclemon.com/mobile/img/fond13.jpg]
[www.cyclemon.com/mobile/img/fond14.jpg]
[www.cyclemon.com/mobile/img/fond15.jpg]
[www.cyclemon.com/mobile/img/fond16.jpg]
[www.cyclemon.com/mobile/img/fond17.jpg]
[www.cyclemon.com/mobile/img/fond18.jpg]
[www.cyclemon.com/mobile/style.css]
[www.cyclemon.com/index-2.html]
[www.cyclemon.com/knowm/style.css]
[www.cyclemon.com/mobile/index-2.html]
[www.cyclemon.com/shop/style.css]
[www.cyclemon.com/shop/shadowbox-3.0.3/loading.gif]
[www.cyclemon.com/shop/shadowbox-3.0.3/close.png]
[www.cyclemon.com/shop/shadowbox-3.0.3/next.png]
[www.cyclemon.com/shop/shadowbox-3.0.3/previous.png]
[www.cyclemon.com/shop/shadowbox-3.0.3/play.png]
[www.cyclemon.com/shop/shadowbox-3.0.3/pause.png]
[www.cyclemon.com/shop/shadowbox-3.0.3/shadowbox.css]
